// Jest Snapshot v1, https://goo.gl/fbAQLP

exports[`About contains the about title 1`] = `
<section
  data-testid="About"
>
  <h1>
    About
  </h1>
</section>
`;
