// Jest Snapshot v1, https://goo.gl/fbAQLP

exports[`Home renders 1`] = `
<h1
  data-testid="Home"
>
  Home
</h1>
`;
